<?xml version="1.0" encoding="UTF-8"?>
<dictionary title="country1">
<desc>Created from SPARQL query</desc>
<entry wikidata="Q889" wikidataLabel="Afghanistan" iso3166_code="AF" wikipedia="Afghanistan" wikidataAltLabel="AFG, af, :flag-af:, Islamic Republic of Afghanistan" term="Afghanistan" />
<entry wikidata="Q222" wikidataLabel="Albania" iso3166_code="AL" wikipedia="Albania" wikidataAltLabel="ALB, al, :flag-al:, Republic of Albania, Republika e Shqipërisë, Shqipërisë" term="Albania" />
</dictionary>
